режим: программная модель, физическая плата не использовалась
примечание: ARM-прошивка не исполнялась; calc_pi и profiling проверены на компьютере
примечание: USB ID обозначает модель Pico; нулевой серийный номер — заполнитель
примечание: времена, частоты, CHIP_ID и GPIO модельные, не измеренные на плате
примечание: 585 тактов на член ряда; 300 тактов на обычную итерацию; вывод строки 40 мкс
примечание: ROSC модели 5774 кГц; отсчёт обмена начинается на 3000 мс uptime
задание: 2.2.3
проект: 221-command-time
устройство: 2e8a:000a
серийный номер: 0000000000000000
порт: MODEL (не COM-порт)
начало: 2026-10-08T15:03:24+03:00
bin sha256: aad4c34ef52400838698efb56b517fea429076f7c8a0029f5a1152d5ab934b2a
   0.000 --> calc_pi
   0.001 <-- calc_pi
   0.001 <-- dbg read_line:133 got calc_pi
   1.000 --> uptime
   4.681 <-- pi: 3.14159165
   4.681 <-- time: 4680 ms
   4.681 <-- uptime
   4.681 <-- dbg read_line:133 got uptime
   4.681 <-- uptime: 7681 ms
итог: отправлено команд 2, принято строк 7
