режим: программная модель, физическая плата не использовалась
примечание: ARM-прошивка не исполнялась; calc_pi и profiling проверены на компьютере
примечание: USB ID обозначает модель Pico; нулевой серийный номер — заполнитель
примечание: времена, частоты, CHIP_ID и GPIO модельные, не измеренные на плате
примечание: 585 тактов на член ряда; 300 тактов на обычную итерацию; вывод строки 40 мкс
примечание: ROSC модели 5774 кГц; отсчёт обмена начинается на 3000 мс uptime
задание: 2.2.2
проект: 221-command-time
устройство: 2e8a:000a
серийный номер: 0000000000000000
порт: MODEL (не COM-порт)
начало: 2026-10-08T15:03:24+03:00
bin sha256: aad4c34ef52400838698efb56b517fea429076f7c8a0029f5a1152d5ab934b2a
   0.000 --> uptime
   0.001 <-- uptime
   0.001 <-- dbg read_line:133 got uptime
   0.001 <-- uptime: 3001 ms
   0.400 --> boot_info
   0.401 <-- boot_info
   0.401 <-- dbg read_line:133 got boot_info
   0.401 <-- vector table   0x10000100
   0.401 <--   stack top    0x20042000
   0.401 <--   reset        0x100001f7
   0.401 <--   reset (even) 0x100001f6
   0.401 <-- gpio in        0xd0000004
   0.401 <--   led bit      0
   0.401 <--   gpio_get     0
   0.800 --> uptime
   0.801 <-- uptime
   0.801 <-- dbg read_line:133 got uptime
   0.801 <-- uptime: 3801 ms
   1.200 --> boot_info
   1.201 <-- boot_info
   1.201 <-- dbg read_line:133 got boot_info
   1.201 <-- vector table   0x10000100
   1.201 <--   stack top    0x20042000
   1.201 <--   reset        0x100001f7
   1.201 <--   reset (even) 0x100001f6
   1.201 <-- gpio in        0xd0000004
   1.201 <--   led bit      0
   1.201 <--   gpio_get     0
   1.600 --> uptime
   1.601 <-- uptime
   1.601 <-- dbg read_line:133 got uptime
   1.601 <-- uptime: 4601 ms
   2.000 --> boot_info
   2.001 <-- boot_info
   2.001 <-- dbg read_line:133 got boot_info
   2.001 <-- vector table   0x10000100
   2.001 <--   stack top    0x20042000
   2.001 <--   reset        0x100001f7
   2.001 <--   reset (even) 0x100001f6
   2.001 <-- gpio in        0xd0000004
   2.001 <--   led bit      0
   2.001 <--   gpio_get     0
   2.400 --> uptime
   2.401 <-- uptime
   2.401 <-- dbg read_line:133 got uptime
   2.401 <-- uptime: 5401 ms
   2.800 --> boot_info
   2.801 <-- boot_info
   2.801 <-- dbg read_line:133 got boot_info
   2.801 <-- vector table   0x10000100
   2.801 <--   stack top    0x20042000
   2.801 <--   reset        0x100001f7
   2.801 <--   reset (even) 0x100001f6
   2.801 <-- gpio in        0xd0000004
   2.801 <--   led bit      1
   2.801 <--   gpio_get     1
итог: отправлено команд 8, принято строк 48
