режим: программная модель, физическая плата не использовалась
примечание: ARM-прошивка не исполнялась; calc_pi и profiling проверены на компьютере
примечание: USB ID обозначает модель Pico; нулевой серийный номер — заполнитель
примечание: времена, частоты, CHIP_ID и GPIO модельные, не измеренные на плате
примечание: 585 тактов на член ряда; 300 тактов на обычную итерацию; вывод строки 40 мкс
примечание: ROSC модели 5774 кГц; отсчёт обмена начинается на 3000 мс uptime
задание: 2.2.1
проект: 221-command-time
устройство: 2e8a:000a
серийный номер: 0000000000000000
порт: MODEL (не COM-порт)
начало: 2026-10-08T15:03:24+03:00
bin sha256: aad4c34ef52400838698efb56b517fea429076f7c8a0029f5a1152d5ab934b2a
   0.000 --> clk_info
   0.001 <-- clk_info
   0.001 <-- dbg read_line:133 got clk_info
   0.001 <-- signal     set_khz measured_khz
   0.001 <-- clk_ref      12000        12000
   0.001 <-- clk_sys     125000       125000
   0.001 <-- clk_peri    125000       125000
   0.001 <-- clk_usb      48000        48000
   0.001 <-- clk_adc      48000        48000
   0.001 <-- rosc             -         5774
   2.000 --> info
   2.001 <-- info
   2.001 <-- dbg read_line:133 got info
   2.001 <-- project: 221-command-time
   2.001 <-- repo: https://github.com/nasir-prog/es-student
   2.001 <-- board: pico
   2.001 <-- serial: 0000000000000000
   2.001 <-- chip: manufacturer 0x927, part 0x0002, revision 2
   2.001 <-- pico-sdk: 2.3.0
итог: отправлено команд 2, принято строк 17
