режим: программная модель, физическая плата не использовалась
примечание: прошивка не исполнялась; ответы рассчитаны по ELF/BIN и модели команд
примечание: USB ID обозначает модель Pico; нулевой серийный номер — заполнитель
примечание: время, CHIP_ID, стек, куча и GPIO моделируются, не измерялись
примечание: модель стека = __StackTop - 128; модель кучи = align8(__bss_end__) + 8
задание: 2.1.4
проект: 211-command-usb
устройство: 2e8a:000a
серийный номер: 0000000000000000
порт: MODEL (не COM-порт)
начало: 2026-10-01T16:30:54+03:00
bin sha256: 7d82292d20dce29cceca5afba3590511617f5f499878e527dea5557a24f90e85
   0.000 --> fw_info
   0.001 <-- fw_info
   0.100 <-- object          address     value
   0.100 <-- main            0x10000525  0xb5f0
   0.100 <-- fw_info         0x100007d5  0x4b49
   0.100 <-- commands        0x10007f14
   0.100 <-- - enable        0x10000281
   0.100 <-- - disable       0x100002bd
   0.100 <-- - info          0x100002f9
   0.100 <-- - version       0x10000301
   0.100 <-- - ping          0x10000309
   0.100 <-- - mem_info      0x10000319
   0.100 <-- - fw_info       0x10000321
   0.100 <-- - dev_info      0x10000329
   0.100 <-- - boot_info     0x10000331
   0.100 <-- DEVICE_NAME     0x1000783c  es-cmd-usb
   0.100 <-- FIRMWARE_VERSION 0x10007834  1.0.0
   0.100 <-- DEVICE_PROJECT  0x1000788c  211-command-usb
   0.100 <-- DEVICE_BOARD    0x100078e4  pico
   0.100 <-- DEVICE_REPO     0x100078ac  https://github.com/nasir-prog/es-student
   0.100 <-- data_variable   0x20000f6c  101
   0.100 <-- bss_variable    0x20001e60  1
   0.100 <-- stack_variable  0x20041f80  1946
   0.100 <-- heap_variable   0x20002358  1951
   2.000 --> fw_info
   2.001 <-- fw_info
   2.100 <-- object          address     value
   2.100 <-- main            0x10000525  0xb5f0
   2.100 <-- fw_info         0x100007d5  0x4b49
   2.100 <-- commands        0x10007f14
   2.100 <-- - enable        0x10000281
   2.100 <-- - disable       0x100002bd
   2.100 <-- - info          0x100002f9
   2.100 <-- - version       0x10000301
   2.100 <-- - ping          0x10000309
   2.100 <-- - mem_info      0x10000319
   2.100 <-- - fw_info       0x10000321
   2.100 <-- - dev_info      0x10000329
   2.100 <-- - boot_info     0x10000331
   2.100 <-- DEVICE_NAME     0x1000783c  es-cmd-usb
   2.100 <-- FIRMWARE_VERSION 0x10007834  1.0.0
   2.100 <-- DEVICE_PROJECT  0x1000788c  211-command-usb
   2.100 <-- DEVICE_BOARD    0x100078e4  pico
   2.100 <-- DEVICE_REPO     0x100078ac  https://github.com/nasir-prog/es-student
   2.100 <-- data_variable   0x20000f6c  102
   2.100 <-- bss_variable    0x20001e60  2
   2.100 <-- stack_variable  0x20041f80  1946
   2.100 <-- heap_variable   0x20002358  1951
   4.000 --> fw_info
   4.001 <-- fw_info
   4.100 <-- object          address     value
   4.100 <-- main            0x10000525  0xb5f0
   4.100 <-- fw_info         0x100007d5  0x4b49
   4.100 <-- commands        0x10007f14
   4.100 <-- - enable        0x10000281
   4.100 <-- - disable       0x100002bd
   4.100 <-- - info          0x100002f9
   4.100 <-- - version       0x10000301
   4.100 <-- - ping          0x10000309
   4.100 <-- - mem_info      0x10000319
   4.100 <-- - fw_info       0x10000321
   4.100 <-- - dev_info      0x10000329
   4.100 <-- - boot_info     0x10000331
   4.100 <-- DEVICE_NAME     0x1000783c  es-cmd-usb
   4.100 <-- FIRMWARE_VERSION 0x10007834  1.0.0
   4.100 <-- DEVICE_PROJECT  0x1000788c  211-command-usb
   4.100 <-- DEVICE_BOARD    0x100078e4  pico
   4.100 <-- DEVICE_REPO     0x100078ac  https://github.com/nasir-prog/es-student
   4.100 <-- data_variable   0x20000f6c  103
   4.100 <-- bss_variable    0x20001e60  3
   4.100 <-- stack_variable  0x20041f80  1946
   4.100 <-- heap_variable   0x20002358  1951
итог: отправлено команд 3, принято строк 69
