режим: программная модель, физическая плата не использовалась
примечание: прошивка не исполнялась; ответы рассчитаны по ELF/BIN и модели команд
примечание: USB ID обозначает модель Pico; нулевой серийный номер — заполнитель
примечание: время, CHIP_ID, стек, куча и GPIO моделируются, не измерялись
примечание: модель стека = __StackTop - 128; модель кучи = align8(__bss_end__) + 8
задание: 2.1.5
проект: 211-command-usb
устройство: 2e8a:000a
серийный номер: 0000000000000000
порт: MODEL (не COM-порт)
начало: 2026-10-01T16:30:54+03:00
bin sha256: 7d82292d20dce29cceca5afba3590511617f5f499878e527dea5557a24f90e85
   0.000 --> dev_info
   0.001 <-- dev_info
   0.100 <-- struct          address     size offset value
   0.100 <-- device_card     0x20000f58    20
   0.100 <-- - version       0x20000f58     4      0 0x00010000
   0.100 <-- - name          0x20000f5c    13      4 es-cmd-usb
   0.100 <-- - revision      0x20000f69     1     17 2
   0.100 <-- fields 18, sizeof 20, padding 2
итог: отправлено команд 1, принято строк 7
