режим: программная модель, физическая плата не использовалась
примечание: прошивка не исполнялась; ответы рассчитаны по ELF/BIN и модели команд
примечание: USB ID обозначает модель Pico; нулевой серийный номер — заполнитель
примечание: время, CHIP_ID, стек, куча и GPIO моделируются, не измерялись
примечание: модель стека = __StackTop - 128; модель кучи = align8(__bss_end__) + 8
задание: 2.1.2
проект: 211-command-usb
устройство: 2e8a:000a
серийный номер: 0000000000000000
порт: MODEL (не COM-порт)
начало: 2026-10-01T16:30:54+03:00
bin sha256: 7d82292d20dce29cceca5afba3590511617f5f499878e527dea5557a24f90e85
   0.000 --> enable
   0.001 <-- enable
   0.100 <-- inf cmd_enable:22 led on
   2.000 --> disable
   2.001 <-- disable
   2.100 <-- inf cmd_disable:28 led off
   4.000 --> info
   4.001 <-- info
   4.100 <-- project: 211-command-usb
   4.100 <-- repo: https://github.com/nasir-prog/es-student
   4.100 <-- board: pico
   4.100 <-- serial: 0000000000000000
   4.100 <-- chip: manufacturer 0x927, part 0x0002, revision 2
   4.100 <-- pico-sdk: 2.3.0
   6.000 --> ping
   6.001 <-- ping
   6.100 <-- pong
   8.000 --> nosuchcommand
   8.001 <-- nosuchcommand
   8.100 <-- err handle_command:66 unknown command: nosuchcommand
итог: отправлено команд 5, принято строк 15
