режим: программная модель, физическая плата не использовалась
примечание: прошивка не исполнялась; ответы рассчитаны по ELF/BIN и модели команд
примечание: USB ID обозначает модель Pico; нулевой серийный номер — заполнитель
примечание: время, CHIP_ID, стек, куча и GPIO моделируются, не измерялись
примечание: модель стека = __StackTop - 128; модель кучи = align8(__bss_end__) + 8
задание: 2.1.6
проект: 211-command-usb
устройство: 2e8a:000a
серийный номер: 0000000000000000
порт: MODEL (не COM-порт)
начало: 2026-10-01T16:30:54+03:00
bin sha256: 7d82292d20dce29cceca5afba3590511617f5f499878e527dea5557a24f90e85
   0.000 --> boot_info
   0.001 <-- boot_info
   0.100 <-- vector table   0x10000100
   0.100 <--   stack top    0x20042000
   0.100 <--   reset        0x100001f7
   0.100 <--   reset (even) 0x100001f6
   0.100 <-- gpio in        0xd0000004
   0.100 <--   led bit      0
   0.100 <--   gpio_get     0
   2.000 --> enable
   2.001 <-- enable
   2.100 <-- inf cmd_enable:22 led on
   4.000 --> boot_info
   4.001 <-- boot_info
   4.100 <-- vector table   0x10000100
   4.100 <--   stack top    0x20042000
   4.100 <--   reset        0x100001f7
   4.100 <--   reset (even) 0x100001f6
   4.100 <-- gpio in        0xd0000004
   4.100 <--   led bit      1
   4.100 <--   gpio_get     1
   6.000 --> disable
   6.001 <-- disable
   6.100 <-- inf cmd_disable:28 led off
   8.000 --> boot_info
   8.001 <-- boot_info
   8.100 <-- vector table   0x10000100
   8.100 <--   stack top    0x20042000
   8.100 <--   reset        0x100001f7
   8.100 <--   reset (even) 0x100001f6
   8.100 <-- gpio in        0xd0000004
   8.100 <--   led bit      0
   8.100 <--   gpio_get     0
итог: отправлено команд 5, принято строк 28
