режим: программная модель, физическая плата не использовалась
примечание: прошивка не исполнялась; ответы рассчитаны по ELF/BIN и модели команд
примечание: USB ID обозначает модель Pico; нулевой серийный номер — заполнитель
примечание: время, CHIP_ID, стек, куча и GPIO моделируются, не измерялись
примечание: модель стека = __StackTop - 128; модель кучи = align8(__bss_end__) + 8
задание: 2.1.3
проект: 211-command-usb
устройство: 2e8a:000a
серийный номер: 0000000000000000
порт: MODEL (не COM-порт)
начало: 2026-10-01T16:30:54+03:00
bin sha256: 7d82292d20dce29cceca5afba3590511617f5f499878e527dea5557a24f90e85
   0.000 --> mem_info
   0.001 <-- mem_info
   0.100 <-- area       start      end        size
   0.100 <-- flash      0x10000000 0x10200000  2097152
   0.100 <-- sram       0x20000000 0x20042000   270336
   0.100 <-- rom        0x00000000 0x00004000    16384
   0.100 <-- image      0x10000000 0x100098dc    39132
   0.100 <-- free       0x100098dc 0x10200000  2058020
   0.100 <-- boot2      0x10000000 0x10000100      256
   0.100 <-- text       0x10000100 0x10008404    33540
   0.100 <-- data flash 0x10008404 0x100098dc     5336
   0.100 <-- data ram   0x200000c0 0x20001598     5336
   0.100 <-- bss        0x20001598 0x20002350     3512
   0.100 <-- heap       0x20002350 0x20040000   253104
   0.100 <-- stack      0x20041800 0x20042000     2048
   0.100 <-- total
   0.100 <--   flash image    39132 = boot2 256 + text 33540 + data 5336
   0.100 <--   flash free   2058020 of 2097152
   0.100 <--   ram used        8848 = data 5336 + bss 3512
   0.100 <--   ram free      253104 for heap and 2048 for stack
итог: отправлено команд 1, принято строк 19
