источник: расчётная модель без платы; прошивка не исполнялась
задание: 2.1.3
проект: 211-command-usb
устройство: отсутствует
серийный номер: недоступен
порт: отсутствует
время: не измерялось; порядок обозначен номерами шагов
bin sha256: 7d82292d20dce29cceca5afba3590511617f5f499878e527dea5557a24f90e85
шаг 1 --> mem_info
шаг 1 <-- area       start      end        size
шаг 1 <-- flash      0x10000000 0x10200000  2097152
шаг 1 <-- sram       0x20000000 0x20042000   270336
шаг 1 <-- rom        0x00000000 0x00004000    16384
шаг 1 <-- image      0x10000000 0x100098dc    39132
шаг 1 <-- free       0x100098dc 0x10200000  2058020
шаг 1 <-- boot2      0x10000000 0x10000100      256
шаг 1 <-- text       0x10000100 0x10008404    33540
шаг 1 <-- data flash 0x10008404 0x100098dc     5336
шаг 1 <-- data ram   0x200000c0 0x20001598     5336
шаг 1 <-- bss        0x20001598 0x20002350     3512
шаг 1 <-- heap       0x20002350 0x20040000   253104
шаг 1 <-- stack      0x20041800 0x20042000     2048
шаг 1 <-- total
шаг 1 <--   flash image    39132 = boot2 256 + text 33540 + data 5336
шаг 1 <--   flash free   2058020 of 2097152
шаг 1 <--   ram used        8848 = data 5336 + bss 3512
шаг 1 <--   ram free      253104 for heap and 2048 for stack
